Command line invocation:
    /Applications/Xcode.app/Contents/Developer/usr/bin/xcodebuild -scheme Droppy -configuration Release -derivedDataPath ./build

2026-01-02 20:39:00.970 xcodebuild[5508:51857] [MT] IDERunDestination: Supported platforms for the buildables in the current scheme is empty.
--- xcodebuild: WARNING: Using the first of multiple matching destinations:
{ platform:macOS, arch:arm64, id:00006000-000438D922A3801E, name:My Mac }
{ platform:macOS, arch:x86_64, id:00006000-000438D922A3801E, name:My Mac }
{ platform:macOS, name:Any Mac }
ComputePackagePrebuildTargetDependencyGraph

Prepare packages

CreateBuildRequest

SendProjectDescription

CreateBuildOperation

ComputeTargetDependencyGraph
note: Building targets in dependency order
note: Target dependency graph (1 target)
    Target 'Droppy' in project 'Droppy' (no dependencies)

GatherProvisioningInputs

CreateBuildDescription

ExecuteExternalTool /Applications/Xcode.app/Contents/Developer/Toolchains/XcodeDefault.xctoolchain/usr/bin/clang -v -E -dM -isysroot /Applications/Xcode.app/Contents/Developer/Platforms/MacOSX.platform/Developer/SDKs/MacOSX26.2.sdk -x c -c /dev/null

ExecuteExternalTool /Applications/Xcode.app/Contents/Developer/usr/bin/actool --version --output-format xml1

ExecuteExternalTool /Applications/Xcode.app/Contents/Developer/Toolchains/XcodeDefault.xctoolchain/usr/bin/swiftc --version

ExecuteExternalTool /Applications/Xcode.app/Contents/Developer/Toolchains/XcodeDefault.xctoolchain/usr/bin/ld -version_details

Build description signature: 1b82530172d4e11557bec98c9ee95cb6
Build description path: /Users/jordyspruit/Desktop/Droppy/build/Build/Intermediates.noindex/XCBuildData/1b82530172d4e11557bec98c9ee95cb6.xcbuilddata
CreateBuildDirectory /Users/jordyspruit/Desktop/Droppy/build/Build/Intermediates.noindex
    cd /Users/jordyspruit/Desktop/Droppy/Droppy.xcodeproj
    builtin-create-build-directory /Users/jordyspruit/Desktop/Droppy/build/Build/Intermediates.noindex

CreateBuildDirectory /Users/jordyspruit/Desktop/Droppy/build/Build/Products
    cd /Users/jordyspruit/Desktop/Droppy/Droppy.xcodeproj
    builtin-create-build-directory /Users/jordyspruit/Desktop/Droppy/build/Build/Products

ClangStatCache /Applications/Xcode.app/Contents/Developer/Toolchains/XcodeDefault.xctoolchain/usr/bin/clang-stat-cache /Applications/Xcode.app/Contents/Developer/Platforms/MacOSX.platform/Developer/SDKs/MacOSX26.2.sdk /Users/jordyspruit/Desktop/Droppy/build/SDKStatCaches.noindex/macosx26.2-25C57-00fa09913b459cbbc988d1f6730289ae.sdkstatcache
    cd /Users/jordyspruit/Desktop/Droppy/Droppy.xcodeproj
    /Applications/Xcode.app/Contents/Developer/Toolchains/XcodeDefault.xctoolchain/usr/bin/clang-stat-cache /Applications/Xcode.app/Contents/Developer/Platforms/MacOSX.platform/Developer/SDKs/MacOSX26.2.sdk -o /Users/jordyspruit/Desktop/Droppy/build/SDKStatCaches.noindex/macosx26.2-25C57-00fa09913b459cbbc988d1f6730289ae.sdkstatcache

CreateBuildDirectory /Users/jordyspruit/Desktop/Droppy/build/Build/Intermediates.noindex/SwiftExplicitPrecompiledModules
    cd /Users/jordyspruit/Desktop/Droppy/Droppy.xcodeproj
    builtin-create-build-directory /Users/jordyspruit/Desktop/Droppy/build/Build/Intermediates.noindex/SwiftExplicitPrecompiledModules

CreateBuildDirectory /Users/jordyspruit/Desktop/Droppy/build/Build/Intermediates.noindex/ExplicitPrecompiledModules
    cd /Users/jordyspruit/Desktop/Droppy/Droppy.xcodeproj
    builtin-create-build-directory /Users/jordyspruit/Desktop/Droppy/build/Build/Intermediates.noindex/ExplicitPrecompiledModules

CreateBuildDirectory /Users/jordyspruit/Desktop/Droppy/build/Build/Intermediates.noindex/EagerLinkingTBDs/Release
    cd /Users/jordyspruit/Desktop/Droppy/Droppy.xcodeproj
    builtin-create-build-directory /Users/jordyspruit/Desktop/Droppy/build/Build/Intermediates.noindex/EagerLinkingTBDs/Release

WriteAuxiliaryFile /Users/jordyspruit/Desktop/Droppy/build/Build/Intermediates.noindex/Droppy.build/Release/Droppy-c4c68226f86fc8e3a19ebdae148f8bcc-VFS/all-product-headers.yaml
    cd /Users/jordyspruit/Desktop/Droppy/Droppy.xcodeproj
    write-file /Users/jordyspruit/Desktop/Droppy/build/Build/Intermediates.noindex/Droppy.build/Release/Droppy-c4c68226f86fc8e3a19ebdae148f8bcc-VFS/all-product-headers.yaml

CreateBuildDirectory /Users/jordyspruit/Desktop/Droppy/build/Build/Products/Release
    cd /Users/jordyspruit/Desktop/Droppy/Droppy.xcodeproj
    builtin-create-build-directory /Users/jordyspruit/Desktop/Droppy/build/Build/Products/Release

WriteAuxiliaryFile /Users/jordyspruit/Desktop/Droppy/build/Build/Intermediates.noindex/Droppy.build/Release/Droppy.build/empty-Droppy.plist (in target 'Droppy' from project 'Droppy')
    cd /Users/jordyspruit/Desktop/Droppy
    write-file /Users/jordyspruit/Desktop/Droppy/build/Build/Intermediates.noindex/Droppy.build/Release/Droppy.build/empty-Droppy.plist

WriteAuxiliaryFile /Users/jordyspruit/Desktop/Droppy/build/Build/Intermediates.noindex/Droppy.build/Release/Droppy.build/Objects-normal/arm64/Droppy_const_extract_protocols.json (in target 'Droppy' from project 'Droppy')
    cd /Users/jordyspruit/Desktop/Droppy
    write-file /Users/jordyspruit/Desktop/Droppy/build/Build/Intermediates.noindex/Droppy.build/Release/Droppy.build/Objects-normal/arm64/Droppy_const_extract_protocols.json

WriteAuxiliaryFile /Users/jordyspruit/Desktop/Droppy/build/Build/Intermediates.noindex/Droppy.build/Release/Droppy.build/Objects-normal/arm64/Droppy.LinkFileList (in target 'Droppy' from project 'Droppy')
    cd /Users/jordyspruit/Desktop/Droppy
    write-file /Users/jordyspruit/Desktop/Droppy/build/Build/Intermediates.noindex/Droppy.build/Release/Droppy.build/Objects-normal/arm64/Droppy.LinkFileList

WriteAuxiliaryFile /Users/jordyspruit/Desktop/Droppy/build/Build/Intermediates.noindex/Droppy.build/Release/Droppy.build/Objects-normal/arm64/Droppy-OutputFileMap.json (in target 'Droppy' from project 'Droppy')
    cd /Users/jordyspruit/Desktop/Droppy
    write-file /Users/jordyspruit/Desktop/Droppy/build/Build/Intermediates.noindex/Droppy.build/Release/Droppy.build/Objects-normal/arm64/Droppy-OutputFileMap.json

WriteAuxiliaryFile /Users/jordyspruit/Desktop/Droppy/build/Build/Intermediates.noindex/Droppy.build/Release/Droppy.build/Droppy.hmap (in target 'Droppy' from project 'Droppy')
    cd /Users/jordyspruit/Desktop/Droppy
    write-file /Users/jordyspruit/Desktop/Droppy/build/Build/Intermediates.noindex/Droppy.build/Release/Droppy.build/Droppy.hmap

WriteAuxiliaryFile /Users/jordyspruit/Desktop/Droppy/build/Build/Intermediates.noindex/Droppy.build/Release/Droppy.build/Droppy-project-headers.hmap (in target 'Droppy' from project 'Droppy')
    cd /Users/jordyspruit/Desktop/Droppy
    write-file /Users/jordyspruit/Desktop/Droppy/build/Build/Intermediates.noindex/Droppy.build/Release/Droppy.build/Droppy-project-headers.hmap

WriteAuxiliaryFile /Users/jordyspruit/Desktop/Droppy/build/Build/Intermediates.noindex/Droppy.build/Release/Droppy.build/Droppy-own-target-headers.hmap (in target 'Droppy' from project 'Droppy')
    cd /Users/jordyspruit/Desktop/Droppy
    write-file /Users/jordyspruit/Desktop/Droppy/build/Build/Intermediates.noindex/Droppy.build/Release/Droppy.build/Droppy-own-target-headers.hmap

WriteAuxiliaryFile /Users/jordyspruit/Desktop/Droppy/build/Build/Intermediates.noindex/Droppy.build/Release/Droppy.build/Droppy-generated-files.hmap (in target 'Droppy' from project 'Droppy')
    cd /Users/jordyspruit/Desktop/Droppy
    write-file /Users/jordyspruit/Desktop/Droppy/build/Build/Intermediates.noindex/Droppy.build/Release/Droppy.build/Droppy-generated-files.hmap

WriteAuxiliaryFile /Users/jordyspruit/Desktop/Droppy/build/Build/Intermediates.noindex/Droppy.build/Release/Droppy.build/Droppy-all-target-headers.hmap (in target 'Droppy' from project 'Droppy')
    cd /Users/jordyspruit/Desktop/Droppy
    write-file /Users/jordyspruit/Desktop/Droppy/build/Build/Intermediates.noindex/Droppy.build/Release/Droppy.build/Droppy-all-target-headers.hmap

WriteAuxiliaryFile /Users/jordyspruit/Desktop/Droppy/build/Build/Intermediates.noindex/Droppy.build/Release/Droppy.build/Objects-normal/arm64/Droppy.SwiftFileList (in target 'Droppy' from project 'Droppy')
    cd /Users/jordyspruit/Desktop/Droppy
    write-file /Users/jordyspruit/Desktop/Droppy/build/Build/Intermediates.noindex/Droppy.build/Release/Droppy.build/Objects-normal/arm64/Droppy.SwiftFileList

WriteAuxiliaryFile /Users/jordyspruit/Desktop/Droppy/build/Build/Intermediates.noindex/Droppy.build/Release/Droppy.build/Objects-normal/arm64/Droppy.SwiftConstValuesFileList (in target 'Droppy' from project 'Droppy')
    cd /Users/jordyspruit/Desktop/Droppy
    write-file /Users/jordyspruit/Desktop/Droppy/build/Build/Intermediates.noindex/Droppy.build/Release/Droppy.build/Objects-normal/arm64/Droppy.SwiftConstValuesFileList

WriteAuxiliaryFile /Users/jordyspruit/Desktop/Droppy/build/Build/Intermediates.noindex/Droppy.build/Release/Droppy.build/Droppy.DependencyStaticMetadataFileList (in target 'Droppy' from project 'Droppy')
    cd /Users/jordyspruit/Desktop/Droppy
    write-file /Users/jordyspruit/Desktop/Droppy/build/Build/Intermediates.noindex/Droppy.build/Release/Droppy.build/Droppy.DependencyStaticMetadataFileList

WriteAuxiliaryFile /Users/jordyspruit/Desktop/Droppy/build/Build/Intermediates.noindex/Droppy.build/Release/Droppy.build/Droppy.DependencyMetadataFileList (in target 'Droppy' from project 'Droppy')
    cd /Users/jordyspruit/Desktop/Droppy
    write-file /Users/jordyspruit/Desktop/Droppy/build/Build/Intermediates.noindex/Droppy.build/Release/Droppy.build/Droppy.DependencyMetadataFileList

WriteAuxiliaryFile /Users/jordyspruit/Desktop/Droppy/build/Build/Intermediates.noindex/Droppy.build/Release/Droppy.build/Droppy-all-non-framework-target-headers.hmap (in target 'Droppy' from project 'Droppy')
    cd /Users/jordyspruit/Desktop/Droppy
    write-file /Users/jordyspruit/Desktop/Droppy/build/Build/Intermediates.noindex/Droppy.build/Release/Droppy.build/Droppy-all-non-framework-target-headers.hmap

WriteAuxiliaryFile /Users/jordyspruit/Desktop/Droppy/build/Build/Intermediates.noindex/Droppy.build/Release/Droppy.build/DerivedSources/Entitlements.plist (in target 'Droppy' from project 'Droppy')
    cd /Users/jordyspruit/Desktop/Droppy
    write-file /Users/jordyspruit/Desktop/Droppy/build/Build/Intermediates.noindex/Droppy.build/Release/Droppy.build/DerivedSources/Entitlements.plist

MkDir /Users/jordyspruit/Desktop/Droppy/build/Build/Products/Release/Droppy.app/Contents (in target 'Droppy' from project 'Droppy')
    cd /Users/jordyspruit/Desktop/Droppy
    /bin/mkdir -p /Users/jordyspruit/Desktop/Droppy/build/Build/Products/Release/Droppy.app/Contents

MkDir /Users/jordyspruit/Desktop/Droppy/build/Build/Products/Release/Droppy.app/Contents/MacOS (in target 'Droppy' from project 'Droppy')
    cd /Users/jordyspruit/Desktop/Droppy
    /bin/mkdir -p /Users/jordyspruit/Desktop/Droppy/build/Build/Products/Release/Droppy.app/Contents/MacOS

MkDir /Users/jordyspruit/Desktop/Droppy/build/Build/Products/Release/Droppy.app/Contents/Resources (in target 'Droppy' from project 'Droppy')
    cd /Users/jordyspruit/Desktop/Droppy
    /bin/mkdir -p /Users/jordyspruit/Desktop/Droppy/build/Build/Products/Release/Droppy.app/Contents/Resources

MkDir /Users/jordyspruit/Desktop/Droppy/build/Build/Products/Release/Droppy.app (in target 'Droppy' from project 'Droppy')
    cd /Users/jordyspruit/Desktop/Droppy
    /bin/mkdir -p /Users/jordyspruit/Desktop/Droppy/build/Build/Products/Release/Droppy.app

ProcessProductPackaging /Users/jordyspruit/Desktop/Droppy/Droppy/Droppy.entitlements /Users/jordyspruit/Desktop/Droppy/build/Build/Intermediates.noindex/Droppy.build/Release/Droppy.build/Droppy.app.xcent (in target 'Droppy' from project 'Droppy')
    cd /Users/jordyspruit/Desktop/Droppy
    
    Entitlements:
    
    {
    "com.apple.security.app-sandbox" = 1;
    "com.apple.security.files.downloads.read-write" = 1;
    "com.apple.security.files.user-selected.read-only" = 1;
    "com.apple.security.get-task-allow" = 1;
    "com.apple.security.network.client" = 1;
}
    
    builtin-productPackagingUtility /Users/jordyspruit/Desktop/Droppy/Droppy/Droppy.entitlements -entitlements -format xml -o /Users/jordyspruit/Desktop/Droppy/build/Build/Intermediates.noindex/Droppy.build/Release/Droppy.build/Droppy.app.xcent

ProcessProductPackagingDER /Users/jordyspruit/Desktop/Droppy/build/Build/Intermediates.noindex/Droppy.build/Release/Droppy.build/Droppy.app.xcent /Users/jordyspruit/Desktop/Droppy/build/Build/Intermediates.noindex/Droppy.build/Release/Droppy.build/Droppy.app.xcent.der (in target 'Droppy' from project 'Droppy')
    cd /Users/jordyspruit/Desktop/Droppy
    /usr/bin/derq query -f xml -i /Users/jordyspruit/Desktop/Droppy/build/Build/Intermediates.noindex/Droppy.build/Release/Droppy.build/Droppy.app.xcent -o /Users/jordyspruit/Desktop/Droppy/build/Build/Intermediates.noindex/Droppy.build/Release/Droppy.build/Droppy.app.xcent.der --raw

GenerateAssetSymbols /Users/jordyspruit/Desktop/Droppy/Droppy/Assets.xcassets (in target 'Droppy' from project 'Droppy')
    cd /Users/jordyspruit/Desktop/Droppy
    /Applications/Xcode.app/Contents/Developer/usr/bin/actool /Users/jordyspruit/Desktop/Droppy/Droppy/Assets.xcassets --compile /Users/jordyspruit/Desktop/Droppy/build/Build/Products/Release/Droppy.app/Contents/Resources --output-format human-readable-text --notices --warnings --export-dependency-info /Users/jordyspruit/Desktop/Droppy/build/Build/Intermediates.noindex/Droppy.build/Release/Droppy.build/assetcatalog_dependencies --output-partial-info-plist /Users/jordyspruit/Desktop/Droppy/build/Build/Intermediates.noindex/Droppy.build/Release/Droppy.build/assetcatalog_generated_info.plist --app-icon AppIcon --accent-color AccentColor --enable-on-demand-resources NO --development-region en --target-device mac --minimum-deployment-target 26.0 --platform macosx --bundle-identifier iordv.Droppy --generate-swift-asset-symbols /Users/jordyspruit/Desktop/Droppy/build/Build/Intermediates.noindex/Droppy.build/Release/Droppy.build/DerivedSources/GeneratedAssetSymbols.swift --generate-objc-asset-symbols /Users/jordyspruit/Desktop/Droppy/build/Build/Intermediates.noindex/Droppy.build/Release/Droppy.build/DerivedSources/GeneratedAssetSymbols.h --generate-asset-symbol-index /Users/jordyspruit/Desktop/Droppy/build/Build/Intermediates.noindex/Droppy.build/Release/Droppy.build/DerivedSources/GeneratedAssetSymbols-Index.plist
/* com.apple.actool.compilation-results */
/Users/jordyspruit/Desktop/Droppy/build/Build/Intermediates.noindex/Droppy.build/Release/Droppy.build/DerivedSources/GeneratedAssetSymbols-Index.plist
/Users/jordyspruit/Desktop/Droppy/build/Build/Intermediates.noindex/Droppy.build/Release/Droppy.build/DerivedSources/GeneratedAssetSymbols.h
/Users/jordyspruit/Desktop/Droppy/build/Build/Intermediates.noindex/Droppy.build/Release/Droppy.build/DerivedSources/GeneratedAssetSymbols.swift


MkDir /Users/jordyspruit/Desktop/Droppy/build/Build/Intermediates.noindex/Droppy.build/Release/Droppy.build/assetcatalog_output/unthinned (in target 'Droppy' from project 'Droppy')
    cd /Users/jordyspruit/Desktop/Droppy
    /bin/mkdir -p /Users/jordyspruit/Desktop/Droppy/build/Build/Intermediates.noindex/Droppy.build/Release/Droppy.build/assetcatalog_output/unthinned

MkDir /Users/jordyspruit/Desktop/Droppy/build/Build/Intermediates.noindex/Droppy.build/Release/Droppy.build/assetcatalog_output/thinned (in target 'Droppy' from project 'Droppy')
    cd /Users/jordyspruit/Desktop/Droppy
    /bin/mkdir -p /Users/jordyspruit/Desktop/Droppy/build/Build/Intermediates.noindex/Droppy.build/Release/Droppy.build/assetcatalog_output/thinned

CompileAssetCatalogVariant thinned /Users/jordyspruit/Desktop/Droppy/build/Build/Products/Release/Droppy.app/Contents/Resources /Users/jordyspruit/Desktop/Droppy/Droppy/Assets.xcassets (in target 'Droppy' from project 'Droppy')
    cd /Users/jordyspruit/Desktop/Droppy
    /Applications/Xcode.app/Contents/Developer/usr/bin/actool /Users/jordyspruit/Desktop/Droppy/Droppy/Assets.xcassets --compile /Users/jordyspruit/Desktop/Droppy/build/Build/Intermediates.noindex/Droppy.build/Release/Droppy.build/assetcatalog_output/thinned --output-format human-readable-text --notices --warnings --export-dependency-info /Users/jordyspruit/Desktop/Droppy/build/Build/Intermediates.noindex/Droppy.build/Release/Droppy.build/assetcatalog_dependencies_thinned --output-partial-info-plist /Users/jordyspruit/Desktop/Droppy/build/Build/Intermediates.noindex/Droppy.build/Release/Droppy.build/assetcatalog_generated_info.plist_thinned --app-icon AppIcon --accent-color AccentColor --enable-on-demand-resources NO --development-region en --target-device mac --minimum-deployment-target 26.0 --platform macosx
/* com.apple.actool.compilation-results */
/Users/jordyspruit/Desktop/Droppy/build/Build/Intermediates.noindex/Droppy.build/Release/Droppy.build/assetcatalog_generated_info.plist_thinned
/Users/jordyspruit/Desktop/Droppy/build/Build/Intermediates.noindex/Droppy.build/Release/Droppy.build/assetcatalog_output/thinned/AppIcon.icns
/Users/jordyspruit/Desktop/Droppy/build/Build/Intermediates.noindex/Droppy.build/Release/Droppy.build/assetcatalog_output/thinned/Assets.car


LinkAssetCatalog /Users/jordyspruit/Desktop/Droppy/Droppy/Assets.xcassets (in target 'Droppy' from project 'Droppy')
    cd /Users/jordyspruit/Desktop/Droppy
    builtin-linkAssetCatalog --thinned /Users/jordyspruit/Desktop/Droppy/build/Build/Intermediates.noindex/Droppy.build/Release/Droppy.build/assetcatalog_output/thinned --thinned-dependencies /Users/jordyspruit/Desktop/Droppy/build/Build/Intermediates.noindex/Droppy.build/Release/Droppy.build/assetcatalog_dependencies_thinned --thinned-info-plist-content /Users/jordyspruit/Desktop/Droppy/build/Build/Intermediates.noindex/Droppy.build/Release/Droppy.build/assetcatalog_generated_info.plist_thinned --unthinned /Users/jordyspruit/Desktop/Droppy/build/Build/Intermediates.noindex/Droppy.build/Release/Droppy.build/assetcatalog_output/unthinned --unthinned-dependencies /Users/jordyspruit/Desktop/Droppy/build/Build/Intermediates.noindex/Droppy.build/Release/Droppy.build/assetcatalog_dependencies_unthinned --unthinned-info-plist-content /Users/jordyspruit/Desktop/Droppy/build/Build/Intermediates.noindex/Droppy.build/Release/Droppy.build/assetcatalog_generated_info.plist_unthinned --output /Users/jordyspruit/Desktop/Droppy/build/Build/Products/Release/Droppy.app/Contents/Resources --plist-output /Users/jordyspruit/Desktop/Droppy/build/Build/Intermediates.noindex/Droppy.build/Release/Droppy.build/assetcatalog_generated_info.plist
note: Emplaced /Users/jordyspruit/Desktop/Droppy/build/Build/Products/Release/Droppy.app/Contents/Resources/Assets.car (in target 'Droppy' from project 'Droppy')
note: Emplaced /Users/jordyspruit/Desktop/Droppy/build/Build/Products/Release/Droppy.app/Contents/Resources/AppIcon.icns (in target 'Droppy' from project 'Droppy')

ProcessInfoPlistFile /Users/jordyspruit/Desktop/Droppy/build/Build/Products/Release/Droppy.app/Contents/Info.plist /Users/jordyspruit/Desktop/Droppy/build/Build/Intermediates.noindex/Droppy.build/Release/Droppy.build/empty-Droppy.plist (in target 'Droppy' from project 'Droppy')
    cd /Users/jordyspruit/Desktop/Droppy
    builtin-infoPlistUtility /Users/jordyspruit/Desktop/Droppy/build/Build/Intermediates.noindex/Droppy.build/Release/Droppy.build/empty-Droppy.plist -producttype com.apple.product-type.application -genpkginfo /Users/jordyspruit/Desktop/Droppy/build/Build/Products/Release/Droppy.app/Contents/PkgInfo -expandbuildsettings -platform macosx -additionalcontentfile /Users/jordyspruit/Desktop/Droppy/build/Build/Intermediates.noindex/Droppy.build/Release/Droppy.build/assetcatalog_generated_info.plist -o /Users/jordyspruit/Desktop/Droppy/build/Build/Products/Release/Droppy.app/Contents/Info.plist

SwiftDriver Droppy normal arm64 com.apple.xcode.tools.swift.compiler (in target 'Droppy' from project 'Droppy')
    cd /Users/jordyspruit/Desktop/Droppy
    builtin-SwiftDriver -- /Applications/Xcode.app/Contents/Developer/Toolchains/XcodeDefault.xctoolchain/usr/bin/swiftc -module-name Droppy -O -whole-module-optimization -enforce-exclusivity\=checked @/Users/jordyspruit/Desktop/Droppy/build/Build/Intermediates.noindex/Droppy.build/Release/Droppy.build/Objects-normal/arm64/Droppy.SwiftFileList -default-isolation\=MainActor -enable-bare-slash-regex -enable-upcoming-feature DisableOutwardActorInference -enable-upcoming-feature InferSendableFromCaptures -enable-upcoming-feature GlobalActorIsolatedTypesUsability -enable-upcoming-feature MemberImportVisibility -enable-upcoming-feature InferIsolatedConformances -enable-upcoming-feature NonisolatedNonsendingByDefault -enable-experimental-feature DebugDescriptionMacro -sdk /Applications/Xcode.app/Contents/Developer/Platforms/MacOSX.platform/Developer/SDKs/MacOSX26.2.sdk -target arm64-apple-macos26.0 -g -module-cache-path /Users/jordyspruit/Desktop/Droppy/build/ModuleCache.noindex -Xfrontend -serialize-debugging-options -swift-version 5 -I /Users/jordyspruit/Desktop/Droppy/build/Build/Products/Release -F /Users/jordyspruit/Desktop/Droppy/build/Build/Products/Release -emit-localized-strings -emit-localized-strings-path /Users/jordyspruit/Desktop/Droppy/build/Build/Intermediates.noindex/Droppy.build/Release/Droppy.build/Objects-normal/arm64 -c -num-threads 10 -Xcc -ivfsstatcache -Xcc /Users/jordyspruit/Desktop/Droppy/build/SDKStatCaches.noindex/macosx26.2-25C57-00fa09913b459cbbc988d1f6730289ae.sdkstatcache -output-file-map /Users/jordyspruit/Desktop/Droppy/build/Build/Intermediates.noindex/Droppy.build/Release/Droppy.build/Objects-normal/arm64/Droppy-OutputFileMap.json -use-frontend-parseable-output -save-temps -no-color-diagnostics -explicit-module-build -module-cache-path /Users/jordyspruit/Desktop/Droppy/build/Build/Intermediates.noindex/SwiftExplicitPrecompiledModules -clang-scanner-module-cache-path /Users/jordyspruit/Desktop/Droppy/build/ModuleCache.noindex -sdk-module-cache-path /Users/jordyspruit/Desktop/Droppy/build/ModuleCache.noindex -serialize-diagnostics -emit-dependencies -emit-module -emit-module-path /Users/jordyspruit/Desktop/Droppy/build/Build/Intermediates.noindex/Droppy.build/Release/Droppy.build/Objects-normal/arm64/Droppy.swiftmodule -validate-clang-modules-once -clang-build-session-file /Users/jordyspruit/Desktop/Droppy/build/ModuleCache.noindex/Session.modulevalidation -Xcc -I/Users/jordyspruit/Desktop/Droppy/build/Build/Intermediates.noindex/Droppy.build/Release/Droppy.build/swift-overrides.hmap -emit-const-values -Xfrontend -const-gather-protocols-file -Xfrontend /Users/jordyspruit/Desktop/Droppy/build/Build/Intermediates.noindex/Droppy.build/Release/Droppy.build/Objects-normal/arm64/Droppy_const_extract_protocols.json -Xcc -iquote -Xcc /Users/jordyspruit/Desktop/Droppy/build/Build/Intermediates.noindex/Droppy.build/Release/Droppy.build/Droppy-generated-files.hmap -Xcc -I/Users/jordyspruit/Desktop/Droppy/build/Build/Intermediates.noindex/Droppy.build/Release/Droppy.build/Droppy-own-target-headers.hmap -Xcc -I/Users/jordyspruit/Desktop/Droppy/build/Build/Intermediates.noindex/Droppy.build/Release/Droppy.build/Droppy-all-target-headers.hmap -Xcc -iquote -Xcc /Users/jordyspruit/Desktop/Droppy/build/Build/Intermediates.noindex/Droppy.build/Release/Droppy.build/Droppy-project-headers.hmap -Xcc -I/Users/jordyspruit/Desktop/Droppy/build/Build/Products/Release/include -Xcc -I/Users/jordyspruit/Desktop/Droppy/build/Build/Intermediates.noindex/Droppy.build/Release/Droppy.build/DerivedSources-normal/arm64 -Xcc -I/Users/jordyspruit/Desktop/Droppy/build/Build/Intermediates.noindex/Droppy.build/Release/Droppy.build/DerivedSources/arm64 -Xcc -I/Users/jordyspruit/Desktop/Droppy/build/Build/Intermediates.noindex/Droppy.build/Release/Droppy.build/DerivedSources -emit-objc-header -emit-objc-header-path /Users/jordyspruit/Desktop/Droppy/build/Build/Intermediates.noindex/Droppy.build/Release/Droppy.build/Objects-normal/arm64/Droppy-Swift.h -working-directory /Users/jordyspruit/Desktop/Droppy -no-emit-module-separately-wmo

SwiftDriver\ Compilation Droppy normal arm64 com.apple.xcode.tools.swift.compiler (in target 'Droppy' from project 'Droppy')
    cd /Users/jordyspruit/Desktop/Droppy
    builtin-Swift-Compilation -- /Applications/Xcode.app/Contents/Developer/Toolchains/XcodeDefault.xctoolchain/usr/bin/swiftc -module-name Droppy -O -whole-module-optimization -enforce-exclusivity\=checked @/Users/jordyspruit/Desktop/Droppy/build/Build/Intermediates.noindex/Droppy.build/Release/Droppy.build/Objects-normal/arm64/Droppy.SwiftFileList -default-isolation\=MainActor -enable-bare-slash-regex -enable-upcoming-feature DisableOutwardActorInference -enable-upcoming-feature InferSendableFromCaptures -enable-upcoming-feature GlobalActorIsolatedTypesUsability -enable-upcoming-feature MemberImportVisibility -enable-upcoming-feature InferIsolatedConformances -enable-upcoming-feature NonisolatedNonsendingByDefault -enable-experimental-feature DebugDescriptionMacro -sdk /Applications/Xcode.app/Contents/Developer/Platforms/MacOSX.platform/Developer/SDKs/MacOSX26.2.sdk -target arm64-apple-macos26.0 -g -module-cache-path /Users/jordyspruit/Desktop/Droppy/build/ModuleCache.noindex -Xfrontend -serialize-debugging-options -swift-version 5 -I /Users/jordyspruit/Desktop/Droppy/build/Build/Products/Release -F /Users/jordyspruit/Desktop/Droppy/build/Build/Products/Release -emit-localized-strings -emit-localized-strings-path /Users/jordyspruit/Desktop/Droppy/build/Build/Intermediates.noindex/Droppy.build/Release/Droppy.build/Objects-normal/arm64 -c -num-threads 10 -Xcc -ivfsstatcache -Xcc /Users/jordyspruit/Desktop/Droppy/build/SDKStatCaches.noindex/macosx26.2-25C57-00fa09913b459cbbc988d1f6730289ae.sdkstatcache -output-file-map /Users/jordyspruit/Desktop/Droppy/build/Build/Intermediates.noindex/Droppy.build/Release/Droppy.build/Objects-normal/arm64/Droppy-OutputFileMap.json -use-frontend-parseable-output -save-temps -no-color-diagnostics -explicit-module-build -module-cache-path /Users/jordyspruit/Desktop/Droppy/build/Build/Intermediates.noindex/SwiftExplicitPrecompiledModules -clang-scanner-module-cache-path /Users/jordyspruit/Desktop/Droppy/build/ModuleCache.noindex -sdk-module-cache-path /Users/jordyspruit/Desktop/Droppy/build/ModuleCache.noindex -serialize-diagnostics -emit-dependencies -emit-module -emit-module-path /Users/jordyspruit/Desktop/Droppy/build/Build/Intermediates.noindex/Droppy.build/Release/Droppy.build/Objects-normal/arm64/Droppy.swiftmodule -validate-clang-modules-once -clang-build-session-file /Users/jordyspruit/Desktop/Droppy/build/ModuleCache.noindex/Session.modulevalidation -Xcc -I/Users/jordyspruit/Desktop/Droppy/build/Build/Intermediates.noindex/Droppy.build/Release/Droppy.build/swift-overrides.hmap -emit-const-values -Xfrontend -const-gather-protocols-file -Xfrontend /Users/jordyspruit/Desktop/Droppy/build/Build/Intermediates.noindex/Droppy.build/Release/Droppy.build/Objects-normal/arm64/Droppy_const_extract_protocols.json -Xcc -iquote -Xcc /Users/jordyspruit/Desktop/Droppy/build/Build/Intermediates.noindex/Droppy.build/Release/Droppy.build/Droppy-generated-files.hmap -Xcc -I/Users/jordyspruit/Desktop/Droppy/build/Build/Intermediates.noindex/Droppy.build/Release/Droppy.build/Droppy-own-target-headers.hmap -Xcc -I/Users/jordyspruit/Desktop/Droppy/build/Build/Intermediates.noindex/Droppy.build/Release/Droppy.build/Droppy-all-target-headers.hmap -Xcc -iquote -Xcc /Users/jordyspruit/Desktop/Droppy/build/Build/Intermediates.noindex/Droppy.build/Release/Droppy.build/Droppy-project-headers.hmap -Xcc -I/Users/jordyspruit/Desktop/Droppy/build/Build/Products/Release/include -Xcc -I/Users/jordyspruit/Desktop/Droppy/build/Build/Intermediates.noindex/Droppy.build/Release/Droppy.build/DerivedSources-normal/arm64 -Xcc -I/Users/jordyspruit/Desktop/Droppy/build/Build/Intermediates.noindex/Droppy.build/Release/Droppy.build/DerivedSources/arm64 -Xcc -I/Users/jordyspruit/Desktop/Droppy/build/Build/Intermediates.noindex/Droppy.build/Release/Droppy.build/DerivedSources -emit-objc-header -emit-objc-header-path /Users/jordyspruit/Desktop/Droppy/build/Build/Intermediates.noindex/Droppy.build/Release/Droppy.build/Objects-normal/arm64/Droppy-Swift.h -working-directory /Users/jordyspruit/Desktop/Droppy -no-emit-module-separately-wmo

SwiftExplicitDependencyGeneratePcm arm64 /Users/jordyspruit/Desktop/Droppy/build/ModuleCache.noindex/DeveloperToolsSupport-EGIINXMLF2VKPTF7LGKQ4ADMK.pcm

SwiftExplicitDependencyGeneratePcm arm64 /Users/jordyspruit/Desktop/Droppy/build/ModuleCache.noindex/_Builtin_stdarg-C7XQO7AHSQAKNM5F0MSNQ8LXW.pcm

SwiftExplicitDependencyGeneratePcm arm64 /Users/jordyspruit/Desktop/Droppy/build/ModuleCache.noindex/ptrauth-CU55ROPNKPWERCEUB0K19JZ0T.pcm

SwiftExplicitDependencyGeneratePcm arm64 /Users/jordyspruit/Desktop/Droppy/build/ModuleCache.noindex/_Builtin_stddef-90X6Z9CF7EECAVCF9EVD26VUO.pcm

SwiftExplicitDependencyGeneratePcm arm64 /Users/jordyspruit/Desktop/Droppy/build/ModuleCache.noindex/SwiftShims-1FFA2K9KMS3GV2SNIKQTZ3HGW.pcm

SwiftExplicitDependencyGeneratePcm arm64 /Users/jordyspruit/Desktop/Droppy/build/ModuleCache.noindex/_Builtin_stdbool-5YTH5EI0JLGY4308HERA21V9W.pcm

SwiftExplicitDependencyGeneratePcm arm64 /Users/jordyspruit/Desktop/Droppy/build/ModuleCache.noindex/ptrcheck-5LGQVGFQYRZ4MNNMA3LWLDBBI.pcm

SwiftExplicitDependencyGeneratePcm arm64 /Users/jordyspruit/Desktop/Droppy/build/ModuleCache.noindex/_Builtin_float-9A7W9HYSFTXIYNI0X1PWGJZR1.pcm

SwiftExplicitDependencyGeneratePcm arm64 /Users/jordyspruit/Desktop/Droppy/build/ModuleCache.noindex/_SwiftConcurrencyShims-3JXVW2P75ARVG4J1ZBEG093GW.pcm

SwiftExplicitDependencyGeneratePcm arm64 /Users/jordyspruit/Desktop/Droppy/build/ModuleCache.noindex/_AvailabilityInternal-EDGOE1KRXW4V7YKAH3WXWS48N.pcm

SwiftExplicitDependencyGeneratePcm arm64 /Users/jordyspruit/Desktop/Droppy/build/ModuleCache.noindex/_DarwinFoundation1-7U46ZNZMEIRV6DVW2YXGSJMGN.pcm

SwiftExplicitDependencyGeneratePcm arm64 /Users/jordyspruit/Desktop/Droppy/build/ModuleCache.noindex/_DarwinFoundation2-62RK79367DUXT3B9FWELQTD4L.pcm

SwiftExplicitDependencyGeneratePcm arm64 /Users/jordyspruit/Desktop/Droppy/build/ModuleCache.noindex/ExtensionFoundation-87I0QPWGMGDGDSNEYIBAXU027.pcm

SwiftExplicitDependencyGeneratePcm arm64 /Users/jordyspruit/Desktop/Droppy/build/ModuleCache.noindex/_Builtin_limits-EOOZGNU654TBITVSK5RRN7AHB.pcm

SwiftExplicitDependencyGeneratePcm arm64 /Users/jordyspruit/Desktop/Droppy/build/ModuleCache.noindex/_Builtin_stdint-165X7T9QDKO8LSP16WBILSLQ2.pcm

SwiftExplicitDependencyGeneratePcm arm64 /Users/jordyspruit/Desktop/Droppy/build/ModuleCache.noindex/_Builtin_tgmath-ELVA5AE7JKOR5LMLTC2X3P914.pcm

SwiftExplicitDependencyGeneratePcm arm64 /Users/jordyspruit/Desktop/Droppy/build/ModuleCache.noindex/sys_types-4RAFN8WS8ZNNMYMCA35JQ9GH9.pcm

SwiftExplicitDependencyGeneratePcm arm64 /Users/jordyspruit/Desktop/Droppy/build/ModuleCache.noindex/OpenGL-BYLN94XCM0ERS01S15OADVX2N.pcm

SwiftExplicitDependencyGeneratePcm arm64 /Users/jordyspruit/Desktop/Droppy/build/ModuleCache.noindex/_Builtin_stdatomic-DB9ERXZKZR79TA0Z1U6X7Z1ID.pcm

SwiftExplicitDependencyGeneratePcm arm64 /Users/jordyspruit/Desktop/Droppy/build/ModuleCache.noindex/_Builtin_intrinsics-AQRPUZTT8N5Z2SCQPW1F0G08O.pcm

SwiftExplicitDependencyGeneratePcm arm64 /Users/jordyspruit/Desktop/Droppy/build/ModuleCache.noindex/_DarwinFoundation3-BXV5PN2FJMSUYMR1K9I23LAW.pcm

SwiftExplicitDependencyGeneratePcm arm64 /Users/jordyspruit/Desktop/Droppy/build/ModuleCache.noindex/libDER-9PCC87HTFRNRTNXLHD4OJUYQI.pcm

SwiftExplicitDependencyGeneratePcm arm64 /Users/jordyspruit/Desktop/Droppy/build/ModuleCache.noindex/_Builtin_inttypes-3FH2AWQK8YR8Z0VNK7ZOAUIHQ.pcm

SwiftExplicitDependencyGeneratePcm arm64 /Users/jordyspruit/Desktop/Droppy/build/ModuleCache.noindex/Darwin-CMVKRJDIQRCOZP48HEAIEPYIP.pcm

SwiftExplicitDependencyGeneratePcm arm64 /Users/jordyspruit/Desktop/Droppy/build/ModuleCache.noindex/simd-6PZ2855LW2MW6GV1BZDK1DKCV.pcm

SwiftExplicitDependencyGeneratePcm arm64 /Users/jordyspruit/Desktop/Droppy/build/ModuleCache.noindex/CUPS-4BEBM41S78QQO3MCGTHIUM0GK.pcm

SwiftExplicitDependencyGeneratePcm arm64 /Users/jordyspruit/Desktop/Droppy/build/ModuleCache.noindex/MachO-3NBDGTIO0OKY2XCR5O042406H.pcm

SwiftExplicitDependencyGeneratePcm arm64 /Users/jordyspruit/Desktop/Droppy/build/ModuleCache.noindex/libkern-CTXV8L9BQ5U6QSN17X8VA3C1F.pcm

SwiftExplicitDependencyGeneratePcm arm64 /Users/jordyspruit/Desktop/Droppy/build/ModuleCache.noindex/launch-6ACY576O6QORH7SAMBP4IZHQA.pcm

SwiftExplicitDependencyGeneratePcm arm64 /Users/jordyspruit/Desktop/Droppy/build/ModuleCache.noindex/Spatial-C3R45RVEIN8Y273VBP6S5W502.pcm

SwiftExplicitDependencyGeneratePcm arm64 /Users/jordyspruit/Desktop/Droppy/build/ModuleCache.noindex/ObjectiveC-79SXYBF6YIUNZ0O7MR8QRG9FR.pcm

SwiftExplicitDependencyGeneratePcm arm64 /Users/jordyspruit/Desktop/Droppy/build/ModuleCache.noindex/os_object-8SB18YE51M2BE2OBBOXIMOX8X.pcm

SwiftExplicitDependencyGeneratePcm arm64 /Users/jordyspruit/Desktop/Droppy/build/ModuleCache.noindex/os_workgroup-15QYJEOZBMSQA859IF2BTCBTD.pcm

SwiftExplicitDependencyGeneratePcm arm64 /Users/jordyspruit/Desktop/Droppy/build/ModuleCache.noindex/Dispatch-ADVAHH8AVLHELCGA9ZF8UKR6C.pcm

SwiftExplicitDependencyGeneratePcm arm64 /Users/jordyspruit/Desktop/Droppy/build/ModuleCache.noindex/CoreFoundation-6IBRPQ6NE7EUUUT96297VSACP.pcm

SwiftExplicitDependencyGeneratePcm arm64 /Users/jordyspruit/Desktop/Droppy/build/ModuleCache.noindex/dnssd-8GM5ECQEVD6OO74LNC0OT7RHJ.pcm

SwiftExplicitDependencyGeneratePcm arm64 /Users/jordyspruit/Desktop/Droppy/build/ModuleCache.noindex/XPC-85OOTMCGX6AW9DKCXAB527IF.pcm

SwiftExplicitDependencyGeneratePcm arm64 /Users/jordyspruit/Desktop/Droppy/build/ModuleCache.noindex/os-9API9ZCM1DX3JH6KO63YZS14I.pcm

SwiftExplicitDependencyGeneratePcm arm64 /Users/jordyspruit/Desktop/Droppy/build/ModuleCache.noindex/IOKit-CI66DSJ8TWF1V30S81O295QDS.pcm

SwiftExplicitDependencyGeneratePcm arm64 /Users/jordyspruit/Desktop/Droppy/build/ModuleCache.noindex/ColorSync-CDH86LFVLQO5MJ6H67VFW8HJK.pcm

SwiftExplicitDependencyGeneratePcm arm64 /Users/jordyspruit/Desktop/Droppy/build/ModuleCache.noindex/Security-8S9YQ803KF31HD5H3MFG7VE1D.pcm

SwiftExplicitDependencyGeneratePcm arm64 /Users/jordyspruit/Desktop/Droppy/build/ModuleCache.noindex/CFNetwork-D6XZ3AY6D10HJEGY5WZ16LSB5.pcm

SwiftExplicitDependencyGeneratePcm arm64 /Users/jordyspruit/Desktop/Droppy/build/ModuleCache.noindex/CoreGraphics-CBS2LK7LKHFWMDTLJW7UTXJH.pcm

SwiftExplicitDependencyGeneratePcm arm64 /Users/jordyspruit/Desktop/Droppy/build/ModuleCache.noindex/DiskArbitration-EXER2RRXH0NSWJS7UFNMN1GDL.pcm

SwiftExplicitDependencyGeneratePcm arm64 /Users/jordyspruit/Desktop/Droppy/build/ModuleCache.noindex/CoreServices-CRUH88HTNB5TF8KEZBI5YABY8.pcm

SwiftExplicitDependencyGeneratePcm arm64 /Users/jordyspruit/Desktop/Droppy/build/ModuleCache.noindex/ImageIO-DM1RB072L3RFMFH9ACHNE7LFK.pcm

SwiftExplicitDependencyGeneratePcm arm64 /Users/jordyspruit/Desktop/Droppy/build/ModuleCache.noindex/CoreText-4L7XRDSL781F6TJQ2RUPMMQAS.pcm

SwiftExplicitDependencyGeneratePcm arm64 /Users/jordyspruit/Desktop/Droppy/build/ModuleCache.noindex/Foundation-28456TM6X1TFM4ZS6JVUQIY8T.pcm

SwiftExplicitDependencyGeneratePcm arm64 /Users/jordyspruit/Desktop/Droppy/build/ModuleCache.noindex/IOSurface-7ES1HMUFBJ1Q3GJQYRPFEZ068.pcm

SwiftExplicitDependencyGeneratePcm arm64 /Users/jordyspruit/Desktop/Droppy/build/ModuleCache.noindex/ServiceManagement-A6LOZTX1TFMJFADLP3BKS67D6.pcm

SwiftExplicitDependencyGeneratePcm arm64 /Users/jordyspruit/Desktop/Droppy/build/ModuleCache.noindex/OSLog-EUQRCDL2D6WOFTGXCYAIIYA6C.pcm

SwiftExplicitDependencyGeneratePcm arm64 /Users/jordyspruit/Desktop/Droppy/build/ModuleCache.noindex/CoreData-C4LOQGMZ06207784T5ZC5FFMJ.pcm

SwiftExplicitDependencyGeneratePcm arm64 /Users/jordyspruit/Desktop/Droppy/build/ModuleCache.noindex/DataDetection-2PZL3TJMDL78L4VG7QH4YEAXD.pcm

SwiftExplicitDependencyGeneratePcm arm64 /Users/jordyspruit/Desktop/Droppy/build/ModuleCache.noindex/Accessibility-9YAIC7CQOMB0MSVIFT29JENI9.pcm

SwiftExplicitDependencyGeneratePcm arm64 /Users/jordyspruit/Desktop/Droppy/build/ModuleCache.noindex/Network-7F4RLAC57CBNX5I550LSW6R3N.pcm

SwiftExplicitDependencyGeneratePcm arm64 /Users/jordyspruit/Desktop/Droppy/build/ModuleCache.noindex/Symbols-B4V2HMXJM1ECN4JCEHOURRF.pcm

SwiftExplicitDependencyGeneratePcm arm64 /Users/jordyspruit/Desktop/Droppy/build/ModuleCache.noindex/UniformTypeIdentifiers-7V7JIDR0B6UPWHJ5L47O2YCV5.pcm

SwiftExplicitDependencyGeneratePcm arm64 /Users/jordyspruit/Desktop/Droppy/build/ModuleCache.noindex/ApplicationServices-5G6JWOUZIO500YAXKEWKSSA18.pcm

SwiftExplicitDependencyGeneratePcm arm64 /Users/jordyspruit/Desktop/Droppy/build/ModuleCache.noindex/CoreTransferable-4612K97OC4I186LJMCZD1UDT9.pcm

SwiftExplicitDependencyGeneratePcm arm64 /Users/jordyspruit/Desktop/Droppy/build/ModuleCache.noindex/Metal-4MEFNHOJ8RJ2KH0WN77RBN0O0.pcm

SwiftExplicitDependencyGeneratePcm arm64 /Users/jordyspruit/Desktop/Droppy/build/ModuleCache.noindex/QuickLookThumbnailing-D2ZTQUK57K2ZYOR9J80S45AUD.pcm

SwiftExplicitDependencyGeneratePcm arm64 /Users/jordyspruit/Desktop/Droppy/build/ModuleCache.noindex/CoreVideo-1IK6PXNVQ3YFDJWWTGBEOIBJ3.pcm

SwiftExplicitDependencyGeneratePcm arm64 /Users/jordyspruit/Desktop/Droppy/build/ModuleCache.noindex/CoreImage-4WAE8U6ZK1TRJREZ8UAMQ3KMG.pcm

SwiftExplicitDependencyGeneratePcm arm64 /Users/jordyspruit/Desktop/Droppy/build/ModuleCache.noindex/QuartzCore-C9POCF4240OUSV73DKW9BJHD8.pcm

SwiftExplicitDependencyGeneratePcm arm64 /Users/jordyspruit/Desktop/Droppy/build/ModuleCache.noindex/SwiftUICore-62O6UUDL1C6NPQM4PLRDYJCV5.pcm

SwiftExplicitDependencyGeneratePcm arm64 /Users/jordyspruit/Desktop/Droppy/build/ModuleCache.noindex/AppKit-8YB28TW5WDUR5WKN0YI0M6HU8.pcm

SwiftExplicitDependencyGeneratePcm arm64 /Users/jordyspruit/Desktop/Droppy/build/ModuleCache.noindex/SwiftUI-D36SGXDGJKDXASMMH43V70PYW.pcm

SwiftCompile normal arm64 Compiling\ ContentView.swift,\ DraggableArea.swift,\ DraggableItemWrapper.swift,\ DragMonitor.swift,\ DroppedItem.swift,\ DroppedItemView.swift,\ DroppyApp.swift,\ DroppyState.swift,\ FileConverter.swift,\ HexagonDotsEffect.swift,\ NotchShelfView.swift,\ NotchWindowController.swift,\ SettingsView.swift,\ SettingsWindowController.swift,\ ShelfView.swift,\ UpdateChecker.swift,\ View+GlassEffect.swift,\ GeneratedAssetSymbols.swift /Users/jordyspruit/Desktop/Droppy/Droppy/ContentView.swift /Users/jordyspruit/Desktop/Droppy/Droppy/DraggableArea.swift /Users/jordyspruit/Desktop/Droppy/Droppy/DraggableItemWrapper.swift /Users/jordyspruit/Desktop/Droppy/Droppy/DragMonitor.swift /Users/jordyspruit/Desktop/Droppy/Droppy/DroppedItem.swift /Users/jordyspruit/Desktop/Droppy/Droppy/DroppedItemView.swift /Users/jordyspruit/Desktop/Droppy/Droppy/DroppyApp.swift /Users/jordyspruit/Desktop/Droppy/Droppy/DroppyState.swift /Users/jordyspruit/Desktop/Droppy/Droppy/FileConverter.swift /Users/jordyspruit/Desktop/Droppy/Droppy/HexagonDotsEffect.swift /Users/jordyspruit/Desktop/Droppy/Droppy/NotchShelfView.swift /Users/jordyspruit/Desktop/Droppy/Droppy/NotchWindowController.swift /Users/jordyspruit/Desktop/Droppy/Droppy/SettingsView.swift /Users/jordyspruit/Desktop/Droppy/Droppy/SettingsWindowController.swift /Users/jordyspruit/Desktop/Droppy/Droppy/ShelfView.swift /Users/jordyspruit/Desktop/Droppy/Droppy/UpdateChecker.swift /Users/jordyspruit/Desktop/Droppy/Droppy/View+GlassEffect.swift /Users/jordyspruit/Desktop/Droppy/build/Build/Intermediates.noindex/Droppy.build/Release/Droppy.build/DerivedSources/GeneratedAssetSymbols.swift /Applications/Xcode.app/Contents/Developer/Toolchains/XcodeDefault.xctoolchain/usr/lib/swift/macosx/prebuilt-modules/26.2/OSLog.swiftmodule/arm64e-apple-macos.swiftmodule /Applications/Xcode.app/Contents/Developer/Toolchains/XcodeDefault.xctoolchain/usr/lib/swift/macosx/prebuilt-modules/26.2/Spatial.swiftmodule/arm64e-apple-macos.swiftmodule /Applications/Xcode.app/Contents/Developer/Toolchains/XcodeDefault.xctoolchain/usr/lib/swift/macosx/prebuilt-modules/26.2/CoreGraphics.swiftmodule/arm64e-apple-macos.swiftmodule /Applications/Xcode.app/Contents/Developer/Toolchains/XcodeDefault.xctoolchain/usr/lib/swift/macosx/prebuilt-modules/26.2/_DarwinFoundation2.swiftmodule/arm64e-apple-macos.swiftmodule /Applications/Xcode.app/Contents/Developer/Toolchains/XcodeDefault.xctoolchain/usr/lib/swift/macosx/prebuilt-modules/26.2/AppKit.swiftmodule/arm64e-apple-macos.swiftmodule /Applications/Xcode.app/Contents/Developer/Toolchains/XcodeDefault.xctoolchain/usr/lib/swift/macosx/prebuilt-modules/26.2/Combine.swiftmodule/arm64e-apple-macos.swiftmodule /Applications/Xcode.app/Contents/Developer/Toolchains/XcodeDefault.xctoolchain/usr/lib/swift/macosx/prebuilt-modules/26.2/DataDetection.swiftmodule/arm64e-apple-macos.swiftmodule /Applications/Xcode.app/Contents/Developer/Toolchains/XcodeDefault.xctoolchain/usr/lib/swift/macosx/prebuilt-modules/26.2/Symbols.swiftmodule/arm64e-apple-macos.swiftmodule /Applications/Xcode.app/Contents/Developer/Toolchains/XcodeDefault.xctoolchain/usr/lib/swift/macosx/prebuilt-modules/26.2/QuartzCore.swiftmodule/arm64e-apple-macos.swiftmodule /Applications/Xcode.app/Contents/Developer/Toolchains/XcodeDefault.xctoolchain/usr/lib/swift/macosx/prebuilt-modules/26.2/XPC.swiftmodule/arm64e-apple-macos.swiftmodule /Applications/Xcode.app/Contents/Developer/Toolchains/XcodeDefault.xctoolchain/usr/lib/swift/macosx/prebuilt-modules/26.2/Network.swiftmodule/arm64e-apple-macos.swiftmodule /Applications/Xcode.app/Contents/Developer/Toolchains/XcodeDefault.xctoolchain/usr/lib/swift/macosx/prebuilt-modules/26.2/IOKit.swiftmodule/arm64e-apple-macos.swiftmodule /Applications/Xcode.app/Contents/Developer/Toolchains/XcodeDefault.xctoolchain/usr/lib/swift/macosx/prebuilt-modules/26.2/Observation.swiftmodule/arm64e-apple-macos.swiftmodule /Applications/Xcode.app/Contents/Developer/Toolchains/XcodeDefault.xctoolchain/usr/lib/swift/macosx/prebuilt-modules/26.2/QuickLookThumbnailing.swiftmodule/arm64e-apple-macos.swiftmodule /Applications/Xcode.app/Contents/Developer/Toolchains/XcodeDefault.xctoolchain/usr/lib/swift/macosx/prebuilt-modules/26.2/Accessibility.swiftmodule/arm64e-apple-macos.swiftmodule /Applications/Xcode.app/Contents/Developer/Toolchains/XcodeDefault.xctoolchain/usr/lib/swift/macosx/prebuilt-modules/26.2/Dispatch.swiftmodule/arm64e-apple-macos.swiftmodule /Applications/Xcode.app/Contents/Developer/Toolchains/XcodeDefault.xctoolchain/usr/lib/swift/macosx/prebuilt-modules/26.2/SwiftUICore.swiftmodule/arm64e-apple-macos.swiftmodule /Applications/Xcode.app/Contents/Developer/Toolchains/XcodeDefault.xctoolchain/usr/lib/swift/macosx/prebuilt-modules/26.2/Distributed.swiftmodule/arm64e-apple-macos.swiftmodule /Applications/Xcode.app/Contents/Developer/Toolchains/XcodeDefault.xctoolchain/usr/lib/swift/macosx/prebuilt-modules/26.2/_DarwinFoundation1.swiftmodule/arm64e-apple-macos.swiftmodule /Applications/Xcode.app/Contents/Developer/Toolchains/XcodeDefault.xctoolchain/usr/lib/swift/macosx/prebuilt-modules/26.2/CoreVideo.swiftmodule/arm64e-apple-macos.swiftmodule /Applications/Xcode.app/Contents/Developer/Toolchains/XcodeDefault.xctoolchain/usr/lib/swift/macosx/prebuilt-modules/26.2/System.swiftmodule/arm64e-apple-macos.swiftmodule /Applications/Xcode.app/Contents/Developer/Toolchains/XcodeDefault.xctoolchain/usr/lib/swift/macosx/prebuilt-modules/26.2/DeveloperToolsSupport.swiftmodule/arm64e-apple-macos.swiftmodule /Applications/Xcode.app/Contents/Developer/Toolchains/XcodeDefault.xctoolchain/usr/lib/swift/macosx/prebuilt-modules/26.2/Metal.swiftmodule/arm64e-apple-macos.swiftmodule /Applications/Xcode.app/Contents/Developer/Toolchains/XcodeDefault.xctoolchain/usr/lib/swift/macosx/prebuilt-modules/26.2/_Concurrency.swiftmodule/arm64e-apple-macos.swiftmodule /Applications/Xcode.app/Contents/Developer/Toolchains/XcodeDefault.xctoolchain/usr/lib/swift/macosx/prebuilt-modules/26.2/Swift.swiftmodule/arm64e-apple-macos.swiftmodule /Applications/Xcode.app/Contents/Developer/Toolchains/XcodeDefault.xctoolchain/usr/lib/swift/macosx/prebuilt-modules/26.2/ExtensionFoundation.swiftmodule/arm64e-apple-macos.swiftmodule /Applications/Xcode.app/Contents/Developer/Toolchains/XcodeDefault.xctoolchain/usr/lib/swift/macosx/prebuilt-modules/26.2/CoreText.swiftmodule/arm64e-apple-macos.swiftmodule /Applications/Xcode.app/Contents/Developer/Toolchains/XcodeDefault.xctoolchain/usr/lib/swift/macosx/prebuilt-modules/26.2/_Builtin_float.swiftmodule/arm64e-apple-macos.swiftmodule /Applications/Xcode.app/Contents/Developer/Toolchains/XcodeDefault.xctoolchain/usr/lib/swift/macosx/prebuilt-modules/26.2/SwiftUI.swiftmodule/arm64e-apple-macos.swiftmodule /Applications/Xcode.app/Contents/Developer/Toolchains/XcodeDefault.xctoolchain/usr/lib/swift/macosx/prebuilt-modules/26.2/os.swiftmodule/arm64e-apple-macos.swiftmodule /Applications/Xcode.app/Contents/Developer/Toolchains/XcodeDefault.xctoolchain/usr/lib/swift/macosx/prebuilt-modules/26.2/simd.swiftmodule/arm64e-apple-macos.swiftmodule /Applications/Xcode.app/Contents/Developer/Toolchains/XcodeDefault.xctoolchain/usr/lib/swift/macosx/prebuilt-modules/26.2/CoreTransferable.swiftmodule/arm64e-apple-macos.swiftmodule /Applications/Xcode.app/Contents/Developer/Toolchains/XcodeDefault.xctoolchain/usr/lib/swift/macosx/prebuilt-modules/26.2/Darwin.swiftmodule/arm64e-apple-macos.swiftmodule /Applications/Xcode.app/Contents/Developer/Toolchains/XcodeDefault.xctoolchain/usr/lib/swift/macosx/prebuilt-modules/26.2/CoreFoundation.swiftmodule/arm64e-apple-macos.swiftmodule /Applications/Xcode.app/Contents/Developer/Toolchains/XcodeDefault.xctoolchain/usr/lib/swift/macosx/prebuilt-modules/26.2/Foundation.swiftmodule/arm64e-apple-macos.swiftmodule /Applications/Xcode.app/Contents/Developer/Toolchains/XcodeDefault.xctoolchain/usr/lib/swift/macosx/prebuilt-modules/26.2/ObjectiveC.swiftmodule/arm64e-apple-macos.swiftmodule /Applications/Xcode.app/Contents/Developer/Toolchains/XcodeDefault.xctoolchain/usr/lib/swift/macosx/prebuilt-modules/26.2/UniformTypeIdentifiers.swiftmodule/arm64e-apple-macos.swiftmodule /Applications/Xcode.app/Contents/Developer/Toolchains/XcodeDefault.xctoolchain/usr/lib/swift/macosx/prebuilt-modules/26.2/_DarwinFoundation3.swiftmodule/arm64e-apple-macos.swiftmodule /Applications/Xcode.app/Contents/Developer/Toolchains/XcodeDefault.xctoolchain/usr/lib/swift/macosx/prebuilt-modules/26.2/_StringProcessing.swiftmodule/arm64e-apple-macos.swiftmodule /Applications/Xcode.app/Contents/Developer/Toolchains/XcodeDefault.xctoolchain/usr/lib/swift/macosx/prebuilt-modules/26.2/CoreData.swiftmodule/arm64e-apple-macos.swiftmodule /Applications/Xcode.app/Contents/Developer/Toolchains/XcodeDefault.xctoolchain/usr/lib/swift/macosx/prebuilt-modules/26.2/CoreImage.swiftmodule/arm64e-apple-macos.swiftmodule /Users/jordyspruit/Desktop/Droppy/build/ModuleCache.noindex/libkern-CTXV8L9BQ5U6QSN17X8VA3C1F.pcm /Users/jordyspruit/Desktop/Droppy/build/ModuleCache.noindex/CoreTransferable-4612K97OC4I186LJMCZD1UDT9.pcm /Users/jordyspruit/Desktop/Droppy/build/ModuleCache.noindex/ServiceManagement-A6LOZTX1TFMJFADLP3BKS67D6.pcm /Users/jordyspruit/Desktop/Droppy/build/ModuleCache.noindex/Darwin-CMVKRJDIQRCOZP48HEAIEPYIP.pcm /Users/jordyspruit/Desktop/Droppy/build/ModuleCache.noindex/CoreGraphics-CBS2LK7LKHFWMDTLJW7UTXJH.pcm /Users/jordyspruit/Desktop/Droppy/build/ModuleCache.noindex/DeveloperToolsSupport-EGIINXMLF2VKPTF7LGKQ4ADMK.pcm /Users/jordyspruit/Desktop/Droppy/build/ModuleCache.noindex/MachO-3NBDGTIO0OKY2XCR5O042406H.pcm /Users/jordyspruit/Desktop/Droppy/build/ModuleCache.noindex/CoreServices-CRUH88HTNB5TF8KEZBI5YABY8.pcm /Users/jordyspruit/Desktop/Droppy/build/ModuleCache.noindex/_Builtin_limits-EOOZGNU654TBITVSK5RRN7AHB.pcm /Users/jordyspruit/Desktop/Droppy/build/ModuleCache.noindex/_Builtin_intrinsics-AQRPUZTT8N5Z2SCQPW1F0G08O.pcm /Users/jordyspruit/Desktop/Droppy/build/ModuleCache.noindex/sys_types-4RAFN8WS8ZNNMYMCA35JQ9GH9.pcm /Users/jordyspruit/Desktop/Droppy/build/ModuleCache.noindex/_Builtin_inttypes-3FH2AWQK8YR8Z0VNK7ZOAUIHQ.pcm /Users/jordyspruit/Desktop/Droppy/build/ModuleCache.noindex/Spatial-C3R45RVEIN8Y273VBP6S5W502.pcm /Users/jordyspruit/Desktop/Droppy/build/ModuleCache.noindex/ObjectiveC-79SXYBF6YIUNZ0O7MR8QRG9FR.pcm /Users/jordyspruit/Desktop/Droppy/build/ModuleCache.noindex/_Builtin_stdbool-5YTH5EI0JLGY4308HERA21V9W.pcm /Users/jordyspruit/Desktop/Droppy/build/ModuleCache.noindex/Foundation-28456TM6X1TFM4ZS6JVUQIY8T.pcm /Users/jordyspruit/Desktop/Droppy/build/ModuleCache.noindex/dnssd-8GM5ECQEVD6OO74LNC0OT7RHJ.pcm /Users/jordyspruit/Desktop/Droppy/build/ModuleCache.noindex/ptrauth-CU55ROPNKPWERCEUB0K19JZ0T.pcm /Users/jordyspruit/Desktop/Droppy/build/ModuleCache.noindex/CoreFoundation-6IBRPQ6NE7EUUUT96297VSACP.pcm /Users/jordyspruit/Desktop/Droppy/build/ModuleCache.noindex/_AvailabilityInternal-EDGOE1KRXW4V7YKAH3WXWS48N.pcm /Users/jordyspruit/Desktop/Droppy/build/ModuleCache.noindex/os_workgroup-15QYJEOZBMSQA859IF2BTCBTD.pcm /Users/jordyspruit/Desktop/Droppy/build/ModuleCache.noindex/DataDetection-2PZL3TJMDL78L4VG7QH4YEAXD.pcm /Users/jordyspruit/Desktop/Droppy/build/ModuleCache.noindex/ApplicationServices-5G6JWOUZIO500YAXKEWKSSA18.pcm /Users/jordyspruit/Desktop/Droppy/build/ModuleCache.noindex/_Builtin_tgmath-ELVA5AE7JKOR5LMLTC2X3P914.pcm /Users/jordyspruit/Desktop/Droppy/build/ModuleCache.noindex/_Builtin_stdatomic-DB9ERXZKZR79TA0Z1U6X7Z1ID.pcm /Users/jordyspruit/Desktop/Droppy/build/ModuleCache.noindex/Dispatch-ADVAHH8AVLHELCGA9ZF8UKR6C.pcm /Users/jordyspruit/Desktop/Droppy/build/ModuleCache.noindex/XPC-85OOTMCGX6AW9DKCXAB527IF.pcm /Users/jordyspruit/Desktop/Droppy/build/ModuleCache.noindex/Symbols-B4V2HMXJM1ECN4JCEHOURRF.pcm /Users/jordyspruit/Desktop/Droppy/build/ModuleCache.noindex/CoreData-C4LOQGMZ06207784T5ZC5FFMJ.pcm /Users/jordyspruit/Desktop/Droppy/build/ModuleCache.noindex/OSLog-EUQRCDL2D6WOFTGXCYAIIYA6C.pcm /Users/jordyspruit/Desktop/Droppy/build/ModuleCache.noindex/Security-8S9YQ803KF31HD5H3MFG7VE1D.pcm /Users/jordyspruit/Desktop/Droppy/build/ModuleCache.noindex/QuartzCore-C9POCF4240OUSV73DKW9BJHD8.pcm /Users/jordyspruit/Desktop/Droppy/build/ModuleCache.noindex/DiskArbitration-EXER2RRXH0NSWJS7UFNMN1GDL.pcm /Users/jordyspruit/Desktop/Droppy/build/ModuleCache.noindex/Network-7F4RLAC57CBNX5I550LSW6R3N.pcm /Users/jordyspruit/Desktop/Droppy/build/ModuleCache.noindex/OpenGL-BYLN94XCM0ERS01S15OADVX2N.pcm /Users/jordyspruit/Desktop/Droppy/build/ModuleCache.noindex/AppKit-8YB28TW5WDUR5WKN0YI0M6HU8.pcm /Users/jordyspruit/Desktop/Droppy/build/ModuleCache.noindex/ImageIO-DM1RB072L3RFMFH9ACHNE7LFK.pcm /Users/jordyspruit/Desktop/Droppy/build/ModuleCache.noindex/IOKit-CI66DSJ8TWF1V30S81O295QDS.pcm /Users/jordyspruit/Desktop/Droppy/build/ModuleCache.noindex/CoreText-4L7XRDSL781F6TJQ2RUPMMQAS.pcm /Users/jordyspruit/Desktop/Droppy/build/ModuleCache.noindex/_Builtin_stdarg-C7XQO7AHSQAKNM5F0MSNQ8LXW.pcm /Users/jordyspruit/Desktop/Droppy/build/ModuleCache.noindex/SwiftUICore-62O6UUDL1C6NPQM4PLRDYJCV5.pcm /Users/jordyspruit/Desktop/Droppy/build/ModuleCache.noindex/_DarwinFoundation2-62RK79367DUXT3B9FWELQTD4L.pcm /Users/jordyspruit/Desktop/Droppy/build/ModuleCache.noindex/CoreImage-4WAE8U6ZK1TRJREZ8UAMQ3KMG.pcm /Users/jordyspruit/Desktop/Droppy/build/ModuleCache.noindex/Metal-4MEFNHOJ8RJ2KH0WN77RBN0O0.pcm /Users/jordyspruit/Desktop/Droppy/build/ModuleCache.noindex/launch-6ACY576O6QORH7SAMBP4IZHQA.pcm /Users/jordyspruit/Desktop/Droppy/build/ModuleCache.noindex/_Builtin_stddef-90X6Z9CF7EECAVCF9EVD26VUO.pcm /Users/jordyspruit/Desktop/Droppy/build/ModuleCache.noindex/_Builtin_float-9A7W9HYSFTXIYNI0X1PWGJZR1.pcm /Users/jordyspruit/Desktop/Droppy/build/ModuleCache.noindex/simd-6PZ2855LW2MW6GV1BZDK1DKCV.pcm /Users/jordyspruit/Desktop/Droppy/build/ModuleCache.noindex/SwiftShims-1FFA2K9KMS3GV2SNIKQTZ3HGW.pcm /Users/jordyspruit/Desktop/Droppy/build/ModuleCache.noindex/CoreVideo-1IK6PXNVQ3YFDJWWTGBEOIBJ3.pcm /Users/jordyspruit/Desktop/Droppy/build/ModuleCache.noindex/os-9API9ZCM1DX3JH6KO63YZS14I.pcm /Users/jordyspruit/Desktop/Droppy/build/ModuleCache.noindex/_DarwinFoundation1-7U46ZNZMEIRV6DVW2YXGSJMGN.pcm /Users/jordyspruit/Desktop/Droppy/build/ModuleCache.noindex/_DarwinFoundation3-BXV5PN2FJMSUYMR1K9I23LAW.pcm /Users/jordyspruit/Desktop/Droppy/build/ModuleCache.noindex/CUPS-4BEBM41S78QQO3MCGTHIUM0GK.pcm /Users/jordyspruit/Desktop/Droppy/build/ModuleCache.noindex/Accessibility-9YAIC7CQOMB0MSVIFT29JENI9.pcm /Users/jordyspruit/Desktop/Droppy/build/ModuleCache.noindex/UniformTypeIdentifiers-7V7JIDR0B6UPWHJ5L47O2YCV5.pcm /Users/jordyspruit/Desktop/Droppy/build/ModuleCache.noindex/libDER-9PCC87HTFRNRTNXLHD4OJUYQI.pcm /Users/jordyspruit/Desktop/Droppy/build/ModuleCache.noindex/QuickLookThumbnailing-D2ZTQUK57K2ZYOR9J80S45AUD.pcm /Users/jordyspruit/Desktop/Droppy/build/ModuleCache.noindex/CFNetwork-D6XZ3AY6D10HJEGY5WZ16LSB5.pcm /Users/jordyspruit/Desktop/Droppy/build/ModuleCache.noindex/os_object-8SB18YE51M2BE2OBBOXIMOX8X.pcm /Users/jordyspruit/Desktop/Droppy/build/ModuleCache.noindex/SwiftUI-D36SGXDGJKDXASMMH43V70PYW.pcm /Users/jordyspruit/Desktop/Droppy/build/ModuleCache.noindex/ExtensionFoundation-87I0QPWGMGDGDSNEYIBAXU027.pcm /Users/jordyspruit/Desktop/Droppy/build/ModuleCache.noindex/_Builtin_stdint-165X7T9QDKO8LSP16WBILSLQ2.pcm /Users/jordyspruit/Desktop/Droppy/build/ModuleCache.noindex/IOSurface-7ES1HMUFBJ1Q3GJQYRPFEZ068.pcm /Users/jordyspruit/Desktop/Droppy/build/ModuleCache.noindex/_SwiftConcurrencyShims-3JXVW2P75ARVG4J1ZBEG093GW.pcm /Users/jordyspruit/Desktop/Droppy/build/ModuleCache.noindex/ColorSync-CDH86LFVLQO5MJ6H67VFW8HJK.pcm /Users/jordyspruit/Desktop/Droppy/build/ModuleCache.noindex/ptrcheck-5LGQVGFQYRZ4MNNMA3LWLDBBI.pcm /Users/jordyspruit/Desktop/Droppy/build/Build/Intermediates.noindex/Droppy.build/Release/Droppy.build/Objects-normal/arm64/Droppy-dependencies-1.json (in target 'Droppy' from project 'Droppy')

CompileSwift normal arm64 (in target 'Droppy' from project 'Droppy')
    cd /Users/jordyspruit/Desktop/Droppy
    

SwiftDriverJobDiscovery normal arm64 Compiling ContentView.swift, DraggableArea.swift, DraggableItemWrapper.swift, DragMonitor.swift, DroppedItem.swift, DroppedItemView.swift, DroppyApp.swift, DroppyState.swift, FileConverter.swift, HexagonDotsEffect.swift, NotchShelfView.swift, NotchWindowController.swift, SettingsView.swift, SettingsWindowController.swift, ShelfView.swift, UpdateChecker.swift, View+GlassEffect.swift, GeneratedAssetSymbols.swift (in target 'Droppy' from project 'Droppy')

SwiftDriver\ Compilation\ Requirements Droppy normal arm64 com.apple.xcode.tools.swift.compiler (in target 'Droppy' from project 'Droppy')
    cd /Users/jordyspruit/Desktop/Droppy
    builtin-Swift-Compilation-Requirements -- /Applications/Xcode.app/Contents/Developer/Toolchains/XcodeDefault.xctoolchain/usr/bin/swiftc -module-name Droppy -O -whole-module-optimization -enforce-exclusivity\=checked @/Users/jordyspruit/Desktop/Droppy/build/Build/Intermediates.noindex/Droppy.build/Release/Droppy.build/Objects-normal/arm64/Droppy.SwiftFileList -default-isolation\=MainActor -enable-bare-slash-regex -enable-upcoming-feature DisableOutwardActorInference -enable-upcoming-feature InferSendableFromCaptures -enable-upcoming-feature GlobalActorIsolatedTypesUsability -enable-upcoming-feature MemberImportVisibility -enable-upcoming-feature InferIsolatedConformances -enable-upcoming-feature NonisolatedNonsendingByDefault -enable-experimental-feature DebugDescriptionMacro -sdk /Applications/Xcode.app/Contents/Developer/Platforms/MacOSX.platform/Developer/SDKs/MacOSX26.2.sdk -target arm64-apple-macos26.0 -g -module-cache-path /Users/jordyspruit/Desktop/Droppy/build/ModuleCache.noindex -Xfrontend -serialize-debugging-options -swift-version 5 -I /Users/jordyspruit/Desktop/Droppy/build/Build/Products/Release -F /Users/jordyspruit/Desktop/Droppy/build/Build/Products/Release -emit-localized-strings -emit-localized-strings-path /Users/jordyspruit/Desktop/Droppy/build/Build/Intermediates.noindex/Droppy.build/Release/Droppy.build/Objects-normal/arm64 -c -num-threads 10 -Xcc -ivfsstatcache -Xcc /Users/jordyspruit/Desktop/Droppy/build/SDKStatCaches.noindex/macosx26.2-25C57-00fa09913b459cbbc988d1f6730289ae.sdkstatcache -output-file-map /Users/jordyspruit/Desktop/Droppy/build/Build/Intermediates.noindex/Droppy.build/Release/Droppy.build/Objects-normal/arm64/Droppy-OutputFileMap.json -use-frontend-parseable-output -save-temps -no-color-diagnostics -explicit-module-build -module-cache-path /Users/jordyspruit/Desktop/Droppy/build/Build/Intermediates.noindex/SwiftExplicitPrecompiledModules -clang-scanner-module-cache-path /Users/jordyspruit/Desktop/Droppy/build/ModuleCache.noindex -sdk-module-cache-path /Users/jordyspruit/Desktop/Droppy/build/ModuleCache.noindex -serialize-diagnostics -emit-dependencies -emit-module -emit-module-path /Users/jordyspruit/Desktop/Droppy/build/Build/Intermediates.noindex/Droppy.build/Release/Droppy.build/Objects-normal/arm64/Droppy.swiftmodule -validate-clang-modules-once -clang-build-session-file /Users/jordyspruit/Desktop/Droppy/build/ModuleCache.noindex/Session.modulevalidation -Xcc -I/Users/jordyspruit/Desktop/Droppy/build/Build/Intermediates.noindex/Droppy.build/Release/Droppy.build/swift-overrides.hmap -emit-const-values -Xfrontend -const-gather-protocols-file -Xfrontend /Users/jordyspruit/Desktop/Droppy/build/Build/Intermediates.noindex/Droppy.build/Release/Droppy.build/Objects-normal/arm64/Droppy_const_extract_protocols.json -Xcc -iquote -Xcc /Users/jordyspruit/Desktop/Droppy/build/Build/Intermediates.noindex/Droppy.build/Release/Droppy.build/Droppy-generated-files.hmap -Xcc -I/Users/jordyspruit/Desktop/Droppy/build/Build/Intermediates.noindex/Droppy.build/Release/Droppy.build/Droppy-own-target-headers.hmap -Xcc -I/Users/jordyspruit/Desktop/Droppy/build/Build/Intermediates.noindex/Droppy.build/Release/Droppy.build/Droppy-all-target-headers.hmap -Xcc -iquote -Xcc /Users/jordyspruit/Desktop/Droppy/build/Build/Intermediates.noindex/Droppy.build/Release/Droppy.build/Droppy-project-headers.hmap -Xcc -I/Users/jordyspruit/Desktop/Droppy/build/Build/Products/Release/include -Xcc -I/Users/jordyspruit/Desktop/Droppy/build/Build/Intermediates.noindex/Droppy.build/Release/Droppy.build/DerivedSources-normal/arm64 -Xcc -I/Users/jordyspruit/Desktop/Droppy/build/Build/Intermediates.noindex/Droppy.build/Release/Droppy.build/DerivedSources/arm64 -Xcc -I/Users/jordyspruit/Desktop/Droppy/build/Build/Intermediates.noindex/Droppy.build/Release/Droppy.build/DerivedSources -emit-objc-header -emit-objc-header-path /Users/jordyspruit/Desktop/Droppy/build/Build/Intermediates.noindex/Droppy.build/Release/Droppy.build/Objects-normal/arm64/Droppy-Swift.h -working-directory /Users/jordyspruit/Desktop/Droppy -no-emit-module-separately-wmo

SwiftMergeGeneratedHeaders /Users/jordyspruit/Desktop/Droppy/build/Build/Intermediates.noindex/Droppy.build/Release/Droppy.build/DerivedSources/Droppy-Swift.h /Users/jordyspruit/Desktop/Droppy/build/Build/Intermediates.noindex/Droppy.build/Release/Droppy.build/Objects-normal/arm64/Droppy-Swift.h (in target 'Droppy' from project 'Droppy')
    cd /Users/jordyspruit/Desktop/Droppy
    builtin-swiftHeaderTool -arch arm64 /Users/jordyspruit/Desktop/Droppy/build/Build/Intermediates.noindex/Droppy.build/Release/Droppy.build/Objects-normal/arm64/Droppy-Swift.h -o /Users/jordyspruit/Desktop/Droppy/build/Build/Intermediates.noindex/Droppy.build/Release/Droppy.build/DerivedSources/Droppy-Swift.h

Copy /Users/jordyspruit/Desktop/Droppy/build/Build/Products/Release/Droppy.swiftmodule/arm64-apple-macos.swiftdoc /Users/jordyspruit/Desktop/Droppy/build/Build/Intermediates.noindex/Droppy.build/Release/Droppy.build/Objects-normal/arm64/Droppy.swiftdoc (in target 'Droppy' from project 'Droppy')
    cd /Users/jordyspruit/Desktop/Droppy
    builtin-copy -exclude .DS_Store -exclude CVS -exclude .svn -exclude .git -exclude .hg -resolve-src-symlinks -rename /Users/jordyspruit/Desktop/Droppy/build/Build/Intermediates.noindex/Droppy.build/Release/Droppy.build/Objects-normal/arm64/Droppy.swiftdoc /Users/jordyspruit/Desktop/Droppy/build/Build/Products/Release/Droppy.swiftmodule/arm64-apple-macos.swiftdoc

Copy /Users/jordyspruit/Desktop/Droppy/build/Build/Products/Release/Droppy.swiftmodule/arm64-apple-macos.abi.json /Users/jordyspruit/Desktop/Droppy/build/Build/Intermediates.noindex/Droppy.build/Release/Droppy.build/Objects-normal/arm64/Droppy.abi.json (in target 'Droppy' from project 'Droppy')
    cd /Users/jordyspruit/Desktop/Droppy
    builtin-copy -exclude .DS_Store -exclude CVS -exclude .svn -exclude .git -exclude .hg -resolve-src-symlinks -rename /Users/jordyspruit/Desktop/Droppy/build/Build/Intermediates.noindex/Droppy.build/Release/Droppy.build/Objects-normal/arm64/Droppy.abi.json /Users/jordyspruit/Desktop/Droppy/build/Build/Products/Release/Droppy.swiftmodule/arm64-apple-macos.abi.json

Copy /Users/jordyspruit/Desktop/Droppy/build/Build/Products/Release/Droppy.swiftmodule/arm64-apple-macos.swiftmodule /Users/jordyspruit/Desktop/Droppy/build/Build/Intermediates.noindex/Droppy.build/Release/Droppy.build/Objects-normal/arm64/Droppy.swiftmodule (in target 'Droppy' from project 'Droppy')
    cd /Users/jordyspruit/Desktop/Droppy
    builtin-copy -exclude .DS_Store -exclude CVS -exclude .svn -exclude .git -exclude .hg -resolve-src-symlinks -rename /Users/jordyspruit/Desktop/Droppy/build/Build/Intermediates.noindex/Droppy.build/Release/Droppy.build/Objects-normal/arm64/Droppy.swiftmodule /Users/jordyspruit/Desktop/Droppy/build/Build/Products/Release/Droppy.swiftmodule/arm64-apple-macos.swiftmodule

Copy /Users/jordyspruit/Desktop/Droppy/build/Build/Products/Release/Droppy.swiftmodule/Project/arm64-apple-macos.swiftsourceinfo /Users/jordyspruit/Desktop/Droppy/build/Build/Intermediates.noindex/Droppy.build/Release/Droppy.build/Objects-normal/arm64/Droppy.swiftsourceinfo (in target 'Droppy' from project 'Droppy')
    cd /Users/jordyspruit/Desktop/Droppy
    builtin-copy -exclude .DS_Store -exclude CVS -exclude .svn -exclude .git -exclude .hg -resolve-src-symlinks -rename /Users/jordyspruit/Desktop/Droppy/build/Build/Intermediates.noindex/Droppy.build/Release/Droppy.build/Objects-normal/arm64/Droppy.swiftsourceinfo /Users/jordyspruit/Desktop/Droppy/build/Build/Products/Release/Droppy.swiftmodule/Project/arm64-apple-macos.swiftsourceinfo

Ld /Users/jordyspruit/Desktop/Droppy/build/Build/Products/Release/Droppy.app/Contents/MacOS/Droppy normal (in target 'Droppy' from project 'Droppy')
    cd /Users/jordyspruit/Desktop/Droppy
    /Applications/Xcode.app/Contents/Developer/Toolchains/XcodeDefault.xctoolchain/usr/bin/clang -Xlinker -reproducible -target arm64-apple-macos26.0 -isysroot /Applications/Xcode.app/Contents/Developer/Platforms/MacOSX.platform/Developer/SDKs/MacOSX26.2.sdk -Os -L/Users/jordyspruit/Desktop/Droppy/build/Build/Intermediates.noindex/EagerLinkingTBDs/Release -L/Users/jordyspruit/Desktop/Droppy/build/Build/Products/Release -F/Users/jordyspruit/Desktop/Droppy/build/Build/Intermediates.noindex/EagerLinkingTBDs/Release -F/Users/jordyspruit/Desktop/Droppy/build/Build/Products/Release -filelist /Users/jordyspruit/Desktop/Droppy/build/Build/Intermediates.noindex/Droppy.build/Release/Droppy.build/Objects-normal/arm64/Droppy.LinkFileList -Xlinker -rpath -Xlinker @executable_path/../Frameworks -Xlinker -object_path_lto -Xlinker /Users/jordyspruit/Desktop/Droppy/build/Build/Intermediates.noindex/Droppy.build/Release/Droppy.build/Objects-normal/arm64/Droppy_lto.o -Xlinker -dependency_info -Xlinker /Users/jordyspruit/Desktop/Droppy/build/Build/Intermediates.noindex/Droppy.build/Release/Droppy.build/Objects-normal/arm64/Droppy_dependency_info.dat -fobjc-link-runtime -L/Applications/Xcode.app/Contents/Developer/Toolchains/XcodeDefault.xctoolchain/usr/lib/swift/macosx -L/usr/lib/swift -Xlinker -add_ast_path -Xlinker /Users/jordyspruit/Desktop/Droppy/build/Build/Intermediates.noindex/Droppy.build/Release/Droppy.build/Objects-normal/arm64/Droppy.swiftmodule @/Users/jordyspruit/Desktop/Droppy/build/Build/Intermediates.noindex/Droppy.build/Release/Droppy.build/Objects-normal/arm64/Droppy-linker-args.resp -Xlinker -no_adhoc_codesign -o /Users/jordyspruit/Desktop/Droppy/build/Build/Products/Release/Droppy.app/Contents/MacOS/Droppy

CopySwiftLibs /Users/jordyspruit/Desktop/Droppy/build/Build/Products/Release/Droppy.app (in target 'Droppy' from project 'Droppy')
    cd /Users/jordyspruit/Desktop/Droppy
    builtin-swiftStdLibTool --copy --verbose --sign 4D619817081D0A0550116A7B7900BDFF142D988D --scan-executable /Users/jordyspruit/Desktop/Droppy/build/Build/Products/Release/Droppy.app/Contents/MacOS/Droppy --scan-folder /Users/jordyspruit/Desktop/Droppy/build/Build/Products/Release/Droppy.app/Contents/Frameworks --scan-folder /Users/jordyspruit/Desktop/Droppy/build/Build/Products/Release/Droppy.app/Contents/PlugIns --scan-folder /Users/jordyspruit/Desktop/Droppy/build/Build/Products/Release/Droppy.app/Contents/Library/SystemExtensions --scan-folder /Users/jordyspruit/Desktop/Droppy/build/Build/Products/Release/Droppy.app/Contents/Extensions --platform macosx --toolchain /Applications/Xcode.app/Contents/Developer/Toolchains/XcodeDefault.xctoolchain --destination /Users/jordyspruit/Desktop/Droppy/build/Build/Products/Release/Droppy.app/Contents/Frameworks --strip-bitcode --strip-bitcode-tool /Applications/Xcode.app/Contents/Developer/Toolchains/XcodeDefault.xctoolchain/usr/bin/bitcode_strip --emit-dependency-info /Users/jordyspruit/Desktop/Droppy/build/Build/Intermediates.noindex/Droppy.build/Release/Droppy.build/SwiftStdLibToolInputDependencies.dep --filter-for-swift-os

ExtractAppIntentsMetadata (in target 'Droppy' from project 'Droppy')
    cd /Users/jordyspruit/Desktop/Droppy
    /Applications/Xcode.app/Contents/Developer/Toolchains/XcodeDefault.xctoolchain/usr/bin/appintentsmetadataprocessor --toolchain-dir /Applications/Xcode.app/Contents/Developer/Toolchains/XcodeDefault.xctoolchain --module-name Droppy --sdk-root /Applications/Xcode.app/Contents/Developer/Platforms/MacOSX.platform/Developer/SDKs/MacOSX26.2.sdk --xcode-version 17C52 --platform-family macOS --deployment-target 26.0 --bundle-identifier iordv.Droppy --output /Users/jordyspruit/Desktop/Droppy/build/Build/Products/Release/Droppy.app/Contents/Resources --target-triple arm64-apple-macos26.0 --binary-file /Users/jordyspruit/Desktop/Droppy/build/Build/Products/Release/Droppy.app/Contents/MacOS/Droppy --dependency-file /Users/jordyspruit/Desktop/Droppy/build/Build/Intermediates.noindex/Droppy.build/Release/Droppy.build/Objects-normal/arm64/Droppy_dependency_info.dat --stringsdata-file /Users/jordyspruit/Desktop/Droppy/build/Build/Intermediates.noindex/Droppy.build/Release/Droppy.build/Objects-normal/arm64/ExtractedAppShortcutsMetadata.stringsdata --source-file-list /Users/jordyspruit/Desktop/Droppy/build/Build/Intermediates.noindex/Droppy.build/Release/Droppy.build/Objects-normal/arm64/Droppy.SwiftFileList --metadata-file-list /Users/jordyspruit/Desktop/Droppy/build/Build/Intermediates.noindex/Droppy.build/Release/Droppy.build/Droppy.DependencyMetadataFileList --static-metadata-file-list /Users/jordyspruit/Desktop/Droppy/build/Build/Intermediates.noindex/Droppy.build/Release/Droppy.build/Droppy.DependencyStaticMetadataFileList --swift-const-vals-list /Users/jordyspruit/Desktop/Droppy/build/Build/Intermediates.noindex/Droppy.build/Release/Droppy.build/Objects-normal/arm64/Droppy.SwiftConstValuesFileList --compile-time-extraction --deployment-aware-processing --validate-assistant-intents --no-app-shortcuts-localization
2026-01-02 20:39:19.066 appintentsmetadataprocessor[5678:53455] Starting appintentsmetadataprocessor export
2026-01-02 20:39:19.070 appintentsmetadataprocessor[5678:53455] warning: Metadata extraction skipped. No AppIntents.framework dependency found.

GenerateDSYMFile /Users/jordyspruit/Desktop/Droppy/build/Build/Products/Release/Droppy.app.dSYM /Users/jordyspruit/Desktop/Droppy/build/Build/Products/Release/Droppy.app/Contents/MacOS/Droppy (in target 'Droppy' from project 'Droppy')
    cd /Users/jordyspruit/Desktop/Droppy
    /Applications/Xcode.app/Contents/Developer/Toolchains/XcodeDefault.xctoolchain/usr/bin/dsymutil /Users/jordyspruit/Desktop/Droppy/build/Build/Products/Release/Droppy.app/Contents/MacOS/Droppy -o /Users/jordyspruit/Desktop/Droppy/build/Build/Products/Release/Droppy.app.dSYM

CodeSign /Users/jordyspruit/Desktop/Droppy/build/Build/Products/Release/Droppy.app (in target 'Droppy' from project 'Droppy')
    cd /Users/jordyspruit/Desktop/Droppy
    
    Signing Identity:     "Apple Development: jordy.spruit@newyorkpizza.nl (D35R76ZN3Q)"
    
    /usr/bin/codesign --force --sign 4D619817081D0A0550116A7B7900BDFF142D988D -o runtime --entitlements /Users/jordyspruit/Desktop/Droppy/build/Build/Intermediates.noindex/Droppy.build/Release/Droppy.build/Droppy.app.xcent --timestamp\=none --generate-entitlement-der /Users/jordyspruit/Desktop/Droppy/build/Build/Products/Release/Droppy.app

RegisterExecutionPolicyException /Users/jordyspruit/Desktop/Droppy/build/Build/Products/Release/Droppy.app (in target 'Droppy' from project 'Droppy')
    cd /Users/jordyspruit/Desktop/Droppy
    builtin-RegisterExecutionPolicyException /Users/jordyspruit/Desktop/Droppy/build/Build/Products/Release/Droppy.app

Validate /Users/jordyspruit/Desktop/Droppy/build/Build/Products/Release/Droppy.app (in target 'Droppy' from project 'Droppy')
    cd /Users/jordyspruit/Desktop/Droppy
    builtin-validationUtility /Users/jordyspruit/Desktop/Droppy/build/Build/Products/Release/Droppy.app -no-validate-extension -infoplist-subpath Contents/Info.plist

RegisterWithLaunchServices /Users/jordyspruit/Desktop/Droppy/build/Build/Products/Release/Droppy.app (in target 'Droppy' from project 'Droppy')
    cd /Users/jordyspruit/Desktop/Droppy
    /System/Library/Frameworks/CoreServices.framework/Versions/Current/Frameworks/LaunchServices.framework/Versions/Current/Support/lsregister -f -R -trusted /Users/jordyspruit/Desktop/Droppy/build/Build/Products/Release/Droppy.app

Touch /Users/jordyspruit/Desktop/Droppy/build/Build/Products/Release/Droppy.app (in target 'Droppy' from project 'Droppy')
    cd /Users/jordyspruit/Desktop/Droppy
    /usr/bin/touch -c /Users/jordyspruit/Desktop/Droppy/build/Build/Products/Release/Droppy.app

** BUILD SUCCEEDED **

